MPLINK 4.31, Linker
Linker Map File - Created Sat Jan 02 14:12:34 2010

                                 Section Info
                  Section       Type    Address   Location Size(Bytes)
                ---------  ---------  ---------  ---------  ---------
                   .org_0       code   0x000000    program   0x000002
                   .org_1       code   0x000004    program   0x00003a



                              Program Memory Usage 
                               Start         End      
                           ---------   ---------      
                            0x000000    0x000000      
                            0x000004    0x000020      
            30 out of 8456 program addresses used, program memory utilization is 0%



                              Symbols - Sorted by Name
                     Name    Address   Location    Storage File                     
                ---------  ---------  ---------  --------- ---------                
                       D1   0x00001a    program     static E:\Testing\13.Sleep\SLEEP.ASM
                       D2   0x000018    program     static E:\Testing\13.Sleep\SLEEP.ASM
                       D3   0x000016    program     static E:\Testing\13.Sleep\SLEEP.ASM
                    DELAY   0x000014    program     static E:\Testing\13.Sleep\SLEEP.ASM
                      ISR   0x000004    program     static E:\Testing\13.Sleep\SLEEP.ASM
                     LOOP   0x000013    program     static E:\Testing\13.Sleep\SLEEP.ASM
                    START   0x00000d    program     static E:\Testing\13.Sleep\SLEEP.ASM



                              Symbols - Sorted by Address
                     Name    Address   Location    Storage File                     
                ---------  ---------  ---------  --------- ---------                
                      ISR   0x000004    program     static E:\Testing\13.Sleep\SLEEP.ASM
                    START   0x00000d    program     static E:\Testing\13.Sleep\SLEEP.ASM
                     LOOP   0x000013    program     static E:\Testing\13.Sleep\SLEEP.ASM
                    DELAY   0x000014    program     static E:\Testing\13.Sleep\SLEEP.ASM
                       D3   0x000016    program     static E:\Testing\13.Sleep\SLEEP.ASM
                       D2   0x000018    program     static E:\Testing\13.Sleep\SLEEP.ASM
                       D1   0x00001a    program     static E:\Testing\13.Sleep\SLEEP.ASM


