MPASM  5.31                          LCD2.ASM   12-5-2009  22:37:37         PAGE  1


LOC  OBJECT CODE     LINE SOURCE TEXT
  VALUE

                      00001 #INCLUDE P16F877A.inc
                      00001         LIST
                      00002 ; P16F877A.INC  Standard Header File, Version 1.00    Microchip Technology, Inc.
                      00400         LIST
Warning[205]: Found directive in column 1. (LIST)
                      00002 LIST P=16F877A
                      00003 ;*******************************************************************************************************
                            ****************************************************
Warning[203]: Found opcode in column 1. (BSF)
0000   1683           00004 BSF STATUS,RP0
Warning[203]: Found opcode in column 1. (CLRF)
Message[302]: Register in operand not in bank 0.  Ensure that bank bits are correct.
0001   0186           00005 CLRF TRISB
Warning[203]: Found opcode in column 1. (CLRF)
Message[302]: Register in operand not in bank 0.  Ensure that bank bits are correct.
0002   0187           00006 CLRF TRISC
Warning[203]: Found opcode in column 1. (MOVLW)
0003   300F           00007 MOVLW 0X0F
Warning[203]: Found opcode in column 1. (MOVWF)
Message[302]: Register in operand not in bank 0.  Ensure that bank bits are correct.
0004   0088           00008 MOVWF TRISD
Warning[203]: Found opcode in column 1. (BCF)
0005   1283           00009 BCF STATUS,RP0
                      00010 
                      00011 ;INITIALISING**********************************************
0006                  00012 INITIALISING:
Warning[203]: Found opcode in column 1. (CLRF)
0006   0186           00013 CLRF PORTB
Warning[203]: Found opcode in column 1. (CLRF)
0007   0187           00014 CLRF PORTC
                      00015 ;*******************************************************************************************************
                            ****************************************************
                      00016 
                      00017 
                      00018 ;START*****************************************************
0008                  00019 START:
Warning[203]: Found opcode in column 1. (MOVLW)
0008   3040           00020 MOVLW 0X40
Warning[203]: Found opcode in column 1. (MOVWF)
0009   0086           00021 MOVWF PORTB
Warning[203]: Found opcode in column 1. (MOVLW)
000A   300F           00022 MOVLW 0X0F
Warning[203]: Found opcode in column 1. (MOVWF)
000B   0087           00023 MOVWF PORTC
Warning[203]: Found opcode in column 1. (CALL)
000C   206D           00024 CALL ENABLE
                      00025 
                      00026 ;LOOP1*****************************************************
000D                  00027 LOOP1:
Warning[203]: Found opcode in column 1. (CLRF)
000D   0188           00028 CLRF PORTD
Warning[203]: Found opcode in column 1. (BSF)
000E   1608           00029 BSF PORTD,4
MPASM  5.31                          LCD2.ASM   12-5-2009  22:37:37         PAGE  2


LOC  OBJECT CODE     LINE SOURCE TEXT
  VALUE

Warning[203]: Found opcode in column 1. (BTFSC)
000F   1988           00030 BTFSC PORTD,3
Warning[203]: Found opcode in column 1. (GOTO)
0010   2816           00031 GOTO OUT1
Warning[203]: Found opcode in column 1. (BTFSC)
0011   1908           00032 BTFSC PORTD,2
Warning[203]: Found opcode in column 1. (GOTO)
0012   281B           00033 GOTO OUT2
Warning[203]: Found opcode in column 1. (BTFSC)
0013   1888           00034 BTFSC PORTD,1
Warning[203]: Found opcode in column 1. (GOTO)
0014   2820           00035 GOTO OUT3
Warning[203]: Found opcode in column 1. (GOTO)
0015   2825           00036 GOTO LOOP2
                      00037 
0016                  00038 OUT1:
Warning[203]: Found opcode in column 1. (BSF)
0016   1606           00039 BSF PORTB,4
Warning[203]: Found opcode in column 1. (MOVLW)
0017   3031           00040 MOVLW 0X31                              ;-----'1'-----
Warning[203]: Found opcode in column 1. (MOVWF)
0018   0087           00041 MOVWF PORTC
Warning[203]: Found opcode in column 1. (CALL)
0019   206D           00042 CALL ENABLE
Warning[203]: Found opcode in column 1. (GOTO)
001A   2808           00043 GOTO START
001B                  00044 OUT2:
Warning[203]: Found opcode in column 1. (BSF)
001B   1606           00045 BSF PORTB,4
Warning[203]: Found opcode in column 1. (MOVLW)
001C   3032           00046 MOVLW 0X32                              ;-----'2'-----
Warning[203]: Found opcode in column 1. (MOVWF)
001D   0087           00047 MOVWF PORTC
Warning[203]: Found opcode in column 1. (CALL)
001E   206D           00048 CALL ENABLE
Warning[203]: Found opcode in column 1. (GOTO)
001F   2808           00049 GOTO START
0020                  00050 OUT3:
Warning[203]: Found opcode in column 1. (BSF)
0020   1606           00051 BSF PORTB,4
Warning[203]: Found opcode in column 1. (MOVLW)
0021   3033           00052 MOVLW 0X33                              ;-----'3'-----
Warning[203]: Found opcode in column 1. (MOVWF)
0022   0087           00053 MOVWF PORTC
Warning[203]: Found opcode in column 1. (CALL)
0023   206D           00054 CALL ENABLE
Warning[203]: Found opcode in column 1. (GOTO)
0024   2808           00055 GOTO START
                      00056 
                      00057 ;LOOP2*****************************************************
0025                  00058 LOOP2:
Warning[203]: Found opcode in column 1. (CLRF)
0025   0188           00059 CLRF PORTD
MPASM  5.31                          LCD2.ASM   12-5-2009  22:37:37         PAGE  3


LOC  OBJECT CODE     LINE SOURCE TEXT
  VALUE

Warning[203]: Found opcode in column 1. (BSF)
0026   1688           00060 BSF PORTD,5
Warning[203]: Found opcode in column 1. (BTFSC)
0027   1988           00061 BTFSC PORTD,3
Warning[203]: Found opcode in column 1. (GOTO)
0028   282E           00062 GOTO OUT4
Warning[203]: Found opcode in column 1. (BTFSC)
0029   1908           00063 BTFSC PORTD,2
Warning[203]: Found opcode in column 1. (GOTO)
002A   2833           00064 GOTO OUT5
Warning[203]: Found opcode in column 1. (BTFSC)
002B   1888           00065 BTFSC PORTD,1
Warning[203]: Found opcode in column 1. (GOTO)
002C   2838           00066 GOTO OUT6
Warning[203]: Found opcode in column 1. (GOTO)
002D   283D           00067 GOTO LOOP3
                      00068 
002E                  00069 OUT4:
Warning[203]: Found opcode in column 1. (BSF)
002E   1606           00070 BSF PORTB,4
Warning[203]: Found opcode in column 1. (MOVLW)
002F   3034           00071 MOVLW 0X34                              ;-----'4'-----
Warning[203]: Found opcode in column 1. (MOVWF)
0030   0087           00072 MOVWF PORTC
Warning[203]: Found opcode in column 1. (CALL)
0031   206D           00073 CALL ENABLE
Warning[203]: Found opcode in column 1. (GOTO)
0032   2808           00074 GOTO START
0033                  00075 OUT5:
Warning[203]: Found opcode in column 1. (BSF)
0033   1606           00076 BSF PORTB,4
Warning[203]: Found opcode in column 1. (MOVLW)
0034   3035           00077 MOVLW 0X35                              ;-----'5'-----
Warning[203]: Found opcode in column 1. (MOVWF)
0035   0087           00078 MOVWF PORTC
Warning[203]: Found opcode in column 1. (CALL)
0036   206D           00079 CALL ENABLE
Warning[203]: Found opcode in column 1. (GOTO)
0037   2808           00080 GOTO START
0038                  00081 OUT6:
Warning[203]: Found opcode in column 1. (BSF)
0038   1606           00082 BSF PORTB,4
Warning[203]: Found opcode in column 1. (MOVLW)
0039   3036           00083 MOVLW 0X36                              ;-----'6'-----
Warning[203]: Found opcode in column 1. (MOVWF)
003A   0087           00084 MOVWF PORTC
Warning[203]: Found opcode in column 1. (CALL)
003B   206D           00085 CALL ENABLE
Warning[203]: Found opcode in column 1. (GOTO)
003C   2808           00086 GOTO START
                      00087 
                      00088 ;LOOP3*****************************************************
003D                  00089 LOOP3:
MPASM  5.31                          LCD2.ASM   12-5-2009  22:37:37         PAGE  4


LOC  OBJECT CODE     LINE SOURCE TEXT
  VALUE

Warning[203]: Found opcode in column 1. (CLRF)
003D   0188           00090 CLRF PORTD
Warning[203]: Found opcode in column 1. (BSF)
003E   1708           00091 BSF PORTD,6
Warning[203]: Found opcode in column 1. (BTFSC)
003F   1988           00092 BTFSC PORTD,3
Warning[203]: Found opcode in column 1. (GOTO)
0040   2846           00093 GOTO OUT7
Warning[203]: Found opcode in column 1. (BTFSC)
0041   1908           00094 BTFSC PORTD,2
Warning[203]: Found opcode in column 1. (GOTO)
0042   284B           00095 GOTO OUT8
Warning[203]: Found opcode in column 1. (BTFSC)
0043   1888           00096 BTFSC PORTD,1
Warning[203]: Found opcode in column 1. (GOTO)
0044   2850           00097 GOTO OUT9
Warning[203]: Found opcode in column 1. (GOTO)
0045   2855           00098 GOTO LOOP4
                      00099 
0046                  00100 OUT7:
Warning[203]: Found opcode in column 1. (BSF)
0046   1606           00101 BSF PORTB,4
Warning[203]: Found opcode in column 1. (MOVLW)
0047   3037           00102 MOVLW 0X37                              ;-----'7'-----
Warning[203]: Found opcode in column 1. (MOVWF)
0048   0087           00103 MOVWF PORTC
Warning[203]: Found opcode in column 1. (CALL)
0049   206D           00104 CALL ENABLE
Warning[203]: Found opcode in column 1. (GOTO)
004A   2808           00105 GOTO START
004B                  00106 OUT8:
Warning[203]: Found opcode in column 1. (BSF)
004B   1606           00107 BSF PORTB,4
Warning[203]: Found opcode in column 1. (MOVLW)
004C   3038           00108 MOVLW 0X38                              ;-----'8'-----
Warning[203]: Found opcode in column 1. (MOVWF)
004D   0087           00109 MOVWF PORTC
Warning[203]: Found opcode in column 1. (CALL)
004E   206D           00110 CALL ENABLE
Warning[203]: Found opcode in column 1. (GOTO)
004F   2808           00111 GOTO START
0050                  00112 OUT9:
Warning[203]: Found opcode in column 1. (BSF)
0050   1606           00113 BSF PORTB,4
Warning[203]: Found opcode in column 1. (MOVLW)
0051   3039           00114 MOVLW 0X39                              ;-----'9'-----
Warning[203]: Found opcode in column 1. (MOVWF)
0052   0087           00115 MOVWF PORTC
Warning[203]: Found opcode in column 1. (CALL)
0053   206D           00116 CALL ENABLE
Warning[203]: Found opcode in column 1. (GOTO)
0054   2808           00117 GOTO START
                      00118 
MPASM  5.31                          LCD2.ASM   12-5-2009  22:37:37         PAGE  5


LOC  OBJECT CODE     LINE SOURCE TEXT
  VALUE

                      00119 ;LOOP4*****************************************************
0055                  00120 LOOP4:
Warning[203]: Found opcode in column 1. (CLRF)
0055   0188           00121 CLRF PORTD
Warning[203]: Found opcode in column 1. (BSF)
0056   1788           00122 BSF PORTD,7
Warning[203]: Found opcode in column 1. (BTFSC)
0057   1988           00123 BTFSC PORTD,3
Warning[203]: Found opcode in column 1. (GOTO)
0058   285E           00124 GOTO OUTA
Warning[203]: Found opcode in column 1. (BTFSC)
0059   1908           00125 BTFSC PORTD,2
Warning[203]: Found opcode in column 1. (GOTO)
005A   2863           00126 GOTO OUTB
Warning[203]: Found opcode in column 1. (BTFSC)
005B   1888           00127 BTFSC PORTD,1
Warning[203]: Found opcode in column 1. (GOTO)
005C   2868           00128 GOTO OUTC
Warning[203]: Found opcode in column 1. (GOTO)
005D   280D           00129 GOTO LOOP1
                      00130 
005E                  00131 OUTA:
Warning[203]: Found opcode in column 1. (BSF)
005E   1606           00132 BSF PORTB,4
Warning[203]: Found opcode in column 1. (MOVLW)
005F   3041           00133 MOVLW 0X41                              ;-----'A'-----
Warning[203]: Found opcode in column 1. (MOVWF)
0060   0087           00134 MOVWF PORTC
Warning[203]: Found opcode in column 1. (CALL)
0061   206D           00135 CALL ENABLE
Warning[203]: Found opcode in column 1. (GOTO)
0062   2808           00136 GOTO START
0063                  00137 OUTB:
Warning[203]: Found opcode in column 1. (BSF)
0063   1606           00138 BSF PORTB,4
Warning[203]: Found opcode in column 1. (MOVLW)
0064   3030           00139 MOVLW 0X30                              ;-----'0'-----
Warning[203]: Found opcode in column 1. (MOVWF)
0065   0087           00140 MOVWF PORTC
Warning[203]: Found opcode in column 1. (CALL)
0066   206D           00141 CALL ENABLE
Warning[203]: Found opcode in column 1. (GOTO)
0067   2808           00142 GOTO START
0068                  00143 OUTC:
Warning[203]: Found opcode in column 1. (BSF)
0068   1606           00144 BSF PORTB,4
Warning[203]: Found opcode in column 1. (MOVLW)
0069   3043           00145 MOVLW 0X43                              ;-----'C'-----
Warning[203]: Found opcode in column 1. (MOVWF)
006A   0087           00146 MOVWF PORTC
Warning[203]: Found opcode in column 1. (CALL)
006B   206D           00147 CALL ENABLE
Warning[203]: Found opcode in column 1. (GOTO)
MPASM  5.31                          LCD2.ASM   12-5-2009  22:37:37         PAGE  6


LOC  OBJECT CODE     LINE SOURCE TEXT
  VALUE

006C   2808           00148 GOTO START
                      00149 
                      00150 
                      00151 ;*******************************************************************************************************
                            ****************************************************
                      00152 
006D                  00153 ENABLE:
Warning[203]: Found opcode in column 1. (CALL)
006D   2072           00154 CALL DELAY
Warning[203]: Found opcode in column 1. (BCF)
006E   1306           00155 BCF PORTB,6
Warning[203]: Found opcode in column 1. (CALL)
006F   2072           00156 CALL DELAY
Warning[203]: Found opcode in column 1. (BSF)
0070   1706           00157 BSF PORTB,6
Warning[203]: Found opcode in column 1. (RETURN)
0071   0008           00158 RETURN
                      00159 
                      00160 ;-------------------------------------------------------------------------------------------------------
                            ------------------------
0072                  00161 DELAY:
Warning[203]: Found opcode in column 1. (MOVLW)
0072   307F           00162 MOVLW 0X7F
Warning[203]: Found opcode in column 1. (MOVWF)
0073   00E1           00163 MOVWF 0X61
0074   307F           00164 D2      MOVLW 0X7F
0075   00E0           00165         MOVWF 0X60
0076   0BE0           00166 D1      DECFSZ 0X60,1
0077   2876           00167         GOTO D1
0078   0BE1           00168         DECFSZ 0X61,1
0079   2874           00169         GOTO D2
007A   0008           00170         RETURN
                      00171 ;-------------------------------------------------------------------------------------------------------
                            ------------------------
Warning[205]: Found directive in column 1. (END)
                      00172 END
MPASM  5.31                          LCD2.ASM   12-5-2009  22:37:37         PAGE  7


SYMBOL TABLE
  LABEL                             VALUE 

ACKDT                             00000005
ACKEN                             00000004
ACKSTAT                           00000006
ADCON0                            0000001F
ADCON1                            0000009F
ADCS0                             00000006
ADCS1                             00000007
ADCS2                             00000006
ADDEN                             00000003
ADFM                              00000007
ADIE                              00000006
ADIF                              00000006
ADON                              00000000
ADRESH                            0000001E
ADRESL                            0000009E
BCLIE                             00000003
BCLIF                             00000003
BF                                00000000
BRGH                              00000002
C                                 00000000
C1INV                             00000004
C1OUT                             00000006
C2INV                             00000005
C2OUT                             00000007
CCP1CON                           00000017
CCP1IE                            00000002
CCP1IF                            00000002
CCP1M0                            00000000
CCP1M1                            00000001
CCP1M2                            00000002
CCP1M3                            00000003
CCP1X                             00000005
CCP1Y                             00000004
CCP2CON                           0000001D
CCP2IE                            00000000
CCP2IF                            00000000
CCP2M0                            00000000
CCP2M1                            00000001
CCP2M2                            00000002
CCP2M3                            00000003
CCP2X                             00000005
CCP2Y                             00000004
CCPR1H                            00000016
CCPR1L                            00000015
CCPR2H                            0000001C
CCPR2L                            0000001B
CHS0                              00000003
CHS1                              00000004
CHS2                              00000005
CIS                               00000003
CKE                               00000006
CKP                               00000004
CM0                               00000000
MPASM  5.31                          LCD2.ASM   12-5-2009  22:37:37         PAGE  8


SYMBOL TABLE
  LABEL                             VALUE 

CM1                               00000001
CM2                               00000002
CMCON                             0000009C
CMIE                              00000006
CMIF                              00000006
CREN                              00000004
CSRC                              00000007
CVR0                              00000000
CVR1                              00000001
CVR2                              00000002
CVR3                              00000003
CVRCON                            0000009D
CVREN                             00000007
CVROE                             00000006
CVRR                              00000005
D                                 00000005
D1                                00000076
D2                                00000074
DATA_ADDRESS                      00000005
DC                                00000001
DELAY                             00000072
D_A                               00000005
EEADR                             0000010D
EEADRH                            0000010F
EECON1                            0000018C
EECON2                            0000018D
EEDATA                            0000010C
EEDATH                            0000010E
EEIE                              00000004
EEIF                              00000004
EEPGD                             00000007
ENABLE                            0000006D
F                                 00000001
FERR                              00000002
FSR                               00000004
GCEN                              00000007
GIE                               00000007
GO                                00000002
GO_DONE                           00000002
I2C_DATA                          00000005
I2C_READ                          00000002
I2C_START                         00000003
I2C_STOP                          00000004
IBF                               00000007
IBOV                              00000005
INDF                              00000000
INITIALISING                      00000006
INTCON                            0000000B
INTE                              00000004
INTEDG                            00000006
INTF                              00000001
IRP                               00000007
LOOP1                             0000000D
MPASM  5.31                          LCD2.ASM   12-5-2009  22:37:37         PAGE  9


SYMBOL TABLE
  LABEL                             VALUE 

LOOP2                             00000025
LOOP3                             0000003D
LOOP4                             00000055
NOT_A                             00000005
NOT_ADDRESS                       00000005
NOT_BO                            00000000
NOT_BOR                           00000000
NOT_DONE                          00000002
NOT_PD                            00000003
NOT_POR                           00000001
NOT_RBPU                          00000007
NOT_RC8                           00000006
NOT_T1SYNC                        00000002
NOT_TO                            00000004
NOT_TX8                           00000006
NOT_W                             00000002
NOT_WRITE                         00000002
OBF                               00000006
OERR                              00000001
OPTION_REG                        00000081
OUT1                              00000016
OUT2                              0000001B
OUT3                              00000020
OUT4                              0000002E
OUT5                              00000033
OUT6                              00000038
OUT7                              00000046
OUT8                              0000004B
OUT9                              00000050
OUTA                              0000005E
OUTB                              00000063
OUTC                              00000068
P                                 00000004
PCFG0                             00000000
PCFG1                             00000001
PCFG2                             00000002
PCFG3                             00000003
PCL                               00000002
PCLATH                            0000000A
PCON                              0000008E
PEIE                              00000006
PEN                               00000002
PIE1                              0000008C
PIE2                              0000008D
PIR1                              0000000C
PIR2                              0000000D
PORTA                             00000005
PORTB                             00000006
PORTC                             00000007
PORTD                             00000008
PORTE                             00000009
PR2                               00000092
PS0                               00000000
MPASM  5.31                          LCD2.ASM   12-5-2009  22:37:37         PAGE 10


SYMBOL TABLE
  LABEL                             VALUE 

PS1                               00000001
PS2                               00000002
PSA                               00000003
PSPIE                             00000007
PSPIF                             00000007
PSPMODE                           00000004
R                                 00000002
RBIE                              00000003
RBIF                              00000000
RC8_9                             00000006
RC9                               00000006
RCD8                              00000000
RCEN                              00000003
RCIE                              00000005
RCIF                              00000005
RCREG                             0000001A
RCSTA                             00000018
RD                                00000000
READ_WRITE                        00000002
RP0                               00000005
RP1                               00000006
RSEN                              00000001
RX9                               00000006
RX9D                              00000000
R_W                               00000002
S                                 00000003
SEN                               00000000
SMP                               00000007
SPBRG                             00000099
SPEN                              00000007
SREN                              00000005
SSPADD                            00000093
SSPBUF                            00000013
SSPCON                            00000014
SSPCON2                           00000091
SSPEN                             00000005
SSPIE                             00000003
SSPIF                             00000003
SSPM0                             00000000
SSPM1                             00000001
SSPM2                             00000002
SSPM3                             00000003
SSPOV                             00000006
SSPSTAT                           00000094
START                             00000008
STATUS                            00000003
SYNC                              00000004
T0CS                              00000005
T0IE                              00000005
T0IF                              00000002
T0SE                              00000004
T1CKPS0                           00000004
T1CKPS1                           00000005
MPASM  5.31                          LCD2.ASM   12-5-2009  22:37:37         PAGE 11


SYMBOL TABLE
  LABEL                             VALUE 

T1CON                             00000010
T1INSYNC                          00000002
T1OSCEN                           00000003
T1SYNC                            00000002
T2CKPS0                           00000000
T2CKPS1                           00000001
T2CON                             00000012
TMR0                              00000001
TMR0IE                            00000005
TMR0IF                            00000002
TMR1CS                            00000001
TMR1H                             0000000F
TMR1IE                            00000000
TMR1IF                            00000000
TMR1L                             0000000E
TMR1ON                            00000000
TMR2                              00000011
TMR2IE                            00000001
TMR2IF                            00000001
TMR2ON                            00000002
TOUTPS0                           00000003
TOUTPS1                           00000004
TOUTPS2                           00000005
TOUTPS3                           00000006
TRISA                             00000085
TRISB                             00000086
TRISC                             00000087
TRISD                             00000088
TRISE                             00000089
TRISE0                            00000000
TRISE1                            00000001
TRISE2                            00000002
TRMT                              00000001
TX8_9                             00000006
TX9                               00000006
TX9D                              00000000
TXD8                              00000000
TXEN                              00000005
TXIE                              00000004
TXIF                              00000004
TXREG                             00000019
TXSTA                             00000098
UA                                00000001
W                                 00000000
WCOL                              00000007
WR                                00000001
WREN                              00000002
WRERR                             00000003
Z                                 00000002
_BODEN_OFF                        00003FBF
_BODEN_ON                         00003FFF
_CPD_OFF                          00003FFF
_CPD_ON                           00003EFF
MPASM  5.31                          LCD2.ASM   12-5-2009  22:37:37         PAGE 12


SYMBOL TABLE
  LABEL                             VALUE 

_CP_ALL                           00001FFF
_CP_OFF                           00003FFF
_DEBUG_OFF                        00003FFF
_DEBUG_ON                         000037FF
_HS_OSC                           00003FFE
_LP_OSC                           00003FFC
_LVP_OFF                          00003F7F
_LVP_ON                           00003FFF
_PWRTE_OFF                        00003FFF
_PWRTE_ON                         00003FF7
_RC_OSC                           00003FFF
_WDT_OFF                          00003FFB
_WDT_ON                           00003FFF
_WRT_1FOURTH                      00003BFF
_WRT_256                          00003DFF
_WRT_HALF                         000039FF
_WRT_OFF                          00003FFF
_XT_OSC                           00003FFD
__16F877A                         00000001
__DEBUG                           1


MEMORY USAGE MAP ('X' = Used,  '-' = Unused)

0000 : XXXXXXXXXXXXXXXX XXXXXXXXXXXXXXXX XXXXXXXXXXXXXXXX XXXXXXXXXXXXXXXX
0040 : XXXXXXXXXXXXXXXX XXXXXXXXXXXXXXXX XXXXXXXXXXXXXXXX XXXXXXXXXXX-----

All other memory blocks unused.

Program Memory Words Used:   123
Program Memory Words Free:  8069


Errors   :     0
Warnings :   118 reported,     0 suppressed
Messages :     3 reported,     0 suppressed

