MPLINK 4.31, Linker
Linker Map File - Created Tue Dec 22 20:34:40 2009

                                 Section Info
                  Section       Type    Address   Location Size(Bytes)
                ---------  ---------  ---------  ---------  ---------
                   .org_0       code   0x000000    program   0x000000
                   .org_1       code   0x000000    program   0x000002
                   .org_2       code   0x000020    program   0x000030



                              Program Memory Usage 
                               Start         End      
                           ---------   ---------      
                            0x000000    0x000000      
                            0x000020    0x000037      
            25 out of 8456 program addresses used, program memory utilization is 0%



                              Symbols - Sorted by Name
                     Name    Address   Location    Storage File                     
                ---------  ---------  ---------  --------- ---------                
                       D1   0x000033    program     static E:\Testing\11.Serial PC\checking.ASM
                       D2   0x000031    program     static E:\Testing\11.Serial PC\checking.ASM
                    DELAY   0x00002f    program     static E:\Testing\11.Serial PC\checking.ASM
                    START   0x000020    program     static E:\Testing\11.Serial PC\checking.ASM



                              Symbols - Sorted by Address
                     Name    Address   Location    Storage File                     
                ---------  ---------  ---------  --------- ---------                
                    START   0x000020    program     static E:\Testing\11.Serial PC\checking.ASM
                    DELAY   0x00002f    program     static E:\Testing\11.Serial PC\checking.ASM
                       D2   0x000031    program     static E:\Testing\11.Serial PC\checking.ASM
                       D1   0x000033    program     static E:\Testing\11.Serial PC\checking.ASM


