MPLINK 4.31, Linker
Linker Map File - Created Tue Dec 22 21:31:11 2009

                                 Section Info
                  Section       Type    Address   Location Size(Bytes)
                ---------  ---------  ---------  ---------  ---------
                   .org_0       code   0x000000    program   0x000000
                   .org_1       code   0x000000    program   0x000002
                   .org_2       code   0x000020    program   0x000088



                              Program Memory Usage 
                               Start         End      
                           ---------   ---------      
                            0x000000    0x000000      
                            0x000020    0x000063      
            69 out of 8456 program addresses used, program memory utilization is 0%



                              Symbols - Sorted by Name
                     Name    Address   Location    Storage File                     
                ---------  ---------  ---------  --------- ---------                
                       D1   0x00005d    program     static E:\Testing\11.Serial PC\TRANS1.ASM
                       D2   0x00005b    program     static E:\Testing\11.Serial PC\TRANS1.ASM
                       D3   0x000059    program     static E:\Testing\11.Serial PC\TRANS1.ASM
                    DELAY   0x000057    program     static E:\Testing\11.Serial PC\TRANS1.ASM
                   ENDING   0x000064    program     static E:\Testing\11.Serial PC\TRANS1.ASM
                    START   0x000020    program     static E:\Testing\11.Serial PC\TRANS1.ASM



                              Symbols - Sorted by Address
                     Name    Address   Location    Storage File                     
                ---------  ---------  ---------  --------- ---------                
                    START   0x000020    program     static E:\Testing\11.Serial PC\TRANS1.ASM
                    DELAY   0x000057    program     static E:\Testing\11.Serial PC\TRANS1.ASM
                       D3   0x000059    program     static E:\Testing\11.Serial PC\TRANS1.ASM
                       D2   0x00005b    program     static E:\Testing\11.Serial PC\TRANS1.ASM
                       D1   0x00005d    program     static E:\Testing\11.Serial PC\TRANS1.ASM
                   ENDING   0x000064    program     static E:\Testing\11.Serial PC\TRANS1.ASM


