MPLINK 4.31, Linker
Linker Map File - Created Sun Dec 13 21:31:20 2009

                                 Section Info
                  Section       Type    Address   Location Size(Bytes)
                ---------  ---------  ---------  ---------  ---------
                   .org_0       code   0x000000    program   0x000000
                   .org_1       code   0x000000    program   0x000002
                   .org_2       code   0x000020    program   0x0000b0



                              Program Memory Usage 
                               Start         End      
                           ---------   ---------      
                            0x000000    0x000000      
                            0x000020    0x000077      
            89 out of 8456 program addresses used, program memory utilization is 1%



                              Symbols - Sorted by Name
                     Name    Address   Location    Storage File                     
                ---------  ---------  ---------  --------- ---------                
            AFTER_SCAN_IT   0x000059    program     static E:\Testing\10.Serial MAX232\TEMP123.ASM
        ASSIGN_NEW_TO_OLD   0x00003a    program     static E:\Testing\10.Serial MAX232\TEMP123.ASM
                       D1   0x000064    program     static E:\Testing\10.Serial MAX232\TEMP123.ASM
                       D2   0x000062    program     static E:\Testing\10.Serial MAX232\TEMP123.ASM
                    DELAY   0x000060    program     static E:\Testing\10.Serial MAX232\TEMP123.ASM
                   GET_IT   0x00002c    program     static E:\Testing\10.Serial MAX232\TEMP123.ASM
           GET_IT_SUBLOOP   0x00002f    program     static E:\Testing\10.Serial MAX232\TEMP123.ASM
          GET_IT_SUBLOOP2   0x000030    program     static E:\Testing\10.Serial MAX232\TEMP123.ASM
            OUTPUT_SETTER   0x000069    program     static E:\Testing\10.Serial MAX232\TEMP123.ASM
                  SCAN_IT   0x00003d    program     static E:\Testing\10.Serial MAX232\TEMP123.ASM
           SCAN_IT_FINISH   0x000057    program     static E:\Testing\10.Serial MAX232\TEMP123.ASM
                    START   0x000020    program     static E:\Testing\10.Serial MAX232\TEMP123.ASM
                 SUB_LOOP   0x000041    program     static E:\Testing\10.Serial MAX232\TEMP123.ASM



                              Symbols - Sorted by Address
                     Name    Address   Location    Storage File                     
                ---------  ---------  ---------  --------- ---------                
                    START   0x000020    program     static E:\Testing\10.Serial MAX232\TEMP123.ASM
                   GET_IT   0x00002c    program     static E:\Testing\10.Serial MAX232\TEMP123.ASM
           GET_IT_SUBLOOP   0x00002f    program     static E:\Testing\10.Serial MAX232\TEMP123.ASM
          GET_IT_SUBLOOP2   0x000030    program     static E:\Testing\10.Serial MAX232\TEMP123.ASM
        ASSIGN_NEW_TO_OLD   0x00003a    program     static E:\Testing\10.Serial MAX232\TEMP123.ASM
                  SCAN_IT   0x00003d    program     static E:\Testing\10.Serial MAX232\TEMP123.ASM
                 SUB_LOOP   0x000041    program     static E:\Testing\10.Serial MAX232\TEMP123.ASM
           SCAN_IT_FINISH   0x000057    program     static E:\Testing\10.Serial MAX232\TEMP123.ASM
            AFTER_SCAN_IT   0x000059    program     static E:\Testing\10.Serial MAX232\TEMP123.ASM
                    DELAY   0x000060    program     static E:\Testing\10.Serial MAX232\TEMP123.ASM
                       D2   0x000062    program     static E:\Testing\10.Serial MAX232\TEMP123.ASM
                       D1   0x000064    program     static E:\Testing\10.Serial MAX232\TEMP123.ASM
            OUTPUT_SETTER   0x000069    program     static E:\Testing\10.Serial MAX232\TEMP123.ASM


