MPLINK 4.31, Linker
Linker Map File - Created Sat Dec 05 19:30:44 2009

                                 Section Info
                  Section       Type    Address   Location Size(Bytes)
                ---------  ---------  ---------  ---------  ---------
                   .org_0       code   0x000000    program   0x000064



                              Program Memory Usage 
                               Start         End      
                           ---------   ---------      
                            0x000000    0x000031      
            50 out of 8456 program addresses used, program memory utilization is 0%



                              Symbols - Sorted by Name
                     Name    Address   Location    Storage File                     
                ---------  ---------  ---------  --------- ---------                
                       D1   0x00002d    program     static E:\Testing\02.LCD display\Lcd1.asm
                       D2   0x00002b    program     static E:\Testing\02.LCD display\Lcd1.asm
                    DELAY   0x000029    program     static E:\Testing\02.LCD display\Lcd1.asm
                   ENABLE   0x000024    program     static E:\Testing\02.LCD display\Lcd1.asm
                     LOOP   0x000023    program     static E:\Testing\02.LCD display\Lcd1.asm
                    START   0x000006    program     static E:\Testing\02.LCD display\Lcd1.asm



                              Symbols - Sorted by Address
                     Name    Address   Location    Storage File                     
                ---------  ---------  ---------  --------- ---------                
                    START   0x000006    program     static E:\Testing\02.LCD display\Lcd1.asm
                     LOOP   0x000023    program     static E:\Testing\02.LCD display\Lcd1.asm
                   ENABLE   0x000024    program     static E:\Testing\02.LCD display\Lcd1.asm
                    DELAY   0x000029    program     static E:\Testing\02.LCD display\Lcd1.asm
                       D2   0x00002b    program     static E:\Testing\02.LCD display\Lcd1.asm
                       D1   0x00002d    program     static E:\Testing\02.LCD display\Lcd1.asm


