MPLINK 4.31, Linker
Linker Map File - Created Sun Dec 06 21:58:23 2009

                                 Section Info
                  Section       Type    Address   Location Size(Bytes)
                ---------  ---------  ---------  ---------  ---------
                   .org_0       code   0x000000    program   0x0000ba



                              Program Memory Usage 
                               Start         End      
                           ---------   ---------      
                            0x000000    0x00005c      
            93 out of 8456 program addresses used, program memory utilization is 1%



                              Symbols - Sorted by Name
                     Name    Address   Location    Storage File                     
                ---------  ---------  ---------  --------- ---------                
                       D1   0x000058    program     static E:\Testing\01.SSD 7\SimpleDisp.asm
                       D2   0x000056    program     static E:\Testing\01.SSD 7\SimpleDisp.asm
                    DELAY   0x000054    program     static E:\Testing\01.SSD 7\SimpleDisp.asm
             INITIALISING   0x000006    program     static E:\Testing\01.SSD 7\SimpleDisp.asm
                    LOOP1   0x000008    program     static E:\Testing\01.SSD 7\SimpleDisp.asm
                    LOOP2   0x00001b    program     static E:\Testing\01.SSD 7\SimpleDisp.asm
                    LOOP3   0x00002e    program     static E:\Testing\01.SSD 7\SimpleDisp.asm
                    LOOP4   0x000041    program     static E:\Testing\01.SSD 7\SimpleDisp.asm
                     OUT1   0x000012    program     static E:\Testing\01.SSD 7\SimpleDisp.asm
                     OUT2   0x000015    program     static E:\Testing\01.SSD 7\SimpleDisp.asm
                     OUT3   0x000018    program     static E:\Testing\01.SSD 7\SimpleDisp.asm
                     OUT4   0x000025    program     static E:\Testing\01.SSD 7\SimpleDisp.asm
                     OUT5   0x000028    program     static E:\Testing\01.SSD 7\SimpleDisp.asm
                     OUT6   0x00002b    program     static E:\Testing\01.SSD 7\SimpleDisp.asm
                     OUT7   0x000038    program     static E:\Testing\01.SSD 7\SimpleDisp.asm
                     OUT8   0x00003b    program     static E:\Testing\01.SSD 7\SimpleDisp.asm
                     OUT9   0x00003e    program     static E:\Testing\01.SSD 7\SimpleDisp.asm
                     OUTA   0x00004b    program     static E:\Testing\01.SSD 7\SimpleDisp.asm
                     OUTB   0x00004e    program     static E:\Testing\01.SSD 7\SimpleDisp.asm
                     OUTC   0x000051    program     static E:\Testing\01.SSD 7\SimpleDisp.asm
                    START   0x000008    program     static E:\Testing\01.SSD 7\SimpleDisp.asm



                              Symbols - Sorted by Address
                     Name    Address   Location    Storage File                     
                ---------  ---------  ---------  --------- ---------                
             INITIALISING   0x000006    program     static E:\Testing\01.SSD 7\SimpleDisp.asm
                    START   0x000008    program     static E:\Testing\01.SSD 7\SimpleDisp.asm
                    LOOP1   0x000008    program     static E:\Testing\01.SSD 7\SimpleDisp.asm
                     OUT1   0x000012    program     static E:\Testing\01.SSD 7\SimpleDisp.asm
                     OUT2   0x000015    program     static E:\Testing\01.SSD 7\SimpleDisp.asm
                     OUT3   0x000018    program     static E:\Testing\01.SSD 7\SimpleDisp.asm
                    LOOP2   0x00001b    program     static E:\Testing\01.SSD 7\SimpleDisp.asm
                     OUT4   0x000025    program     static E:\Testing\01.SSD 7\SimpleDisp.asm
                     OUT5   0x000028    program     static E:\Testing\01.SSD 7\SimpleDisp.asm
                     OUT6   0x00002b    program     static E:\Testing\01.SSD 7\SimpleDisp.asm
                    LOOP3   0x00002e    program     static E:\Testing\01.SSD 7\SimpleDisp.asm
                     OUT7   0x000038    program     static E:\Testing\01.SSD 7\SimpleDisp.asm
                     OUT8   0x00003b    program     static E:\Testing\01.SSD 7\SimpleDisp.asm
                     OUT9   0x00003e    program     static E:\Testing\01.SSD 7\SimpleDisp.asm
                    LOOP4   0x000041    program     static E:\Testing\01.SSD 7\SimpleDisp.asm
                     OUTA   0x00004b    program     static E:\Testing\01.SSD 7\SimpleDisp.asm
                     OUTB   0x00004e    program     static E:\Testing\01.SSD 7\SimpleDisp.asm
                     OUTC   0x000051    program     static E:\Testing\01.SSD 7\SimpleDisp.asm
                    DELAY   0x000054    program     static E:\Testing\01.SSD 7\SimpleDisp.asm
                       D2   0x000056    program     static E:\Testing\01.SSD 7\SimpleDisp.asm
                       D1   0x000058    program     static E:\Testing\01.SSD 7\SimpleDisp.asm


